With line break, remove line break and indent and
add manual line break.