With line break, \nremove indent and convert line break. With line break, \nremove indent and convert line break.