


    Testen Sie hier: http://www.example.com/umleitungsseite-der-umleitungen/postmaster/redirect/1?no_cache=1&tx_postmaster_tracking%5Burl%5D=http%3A%2F%2Fwww.google.de
    Testen Sie da: [http://www.example.com/umleitungsseite-der-umleitungen/postmaster/redirect/1?no_cache=1&tx_postmaster_tracking%5Burl%5D=http%3A%2F%2Fwww.yahoo.de%2F%23anchor-1
    Testen Sie dort: mail@example.com
    Testen Sie überall: #anchor-2



    <p>
        <a href="http://www.example.com/umleitungsseite-der-umleitungen/postmaster/redirect/1?no_cache=1&tx_postmaster_tracking%5Burl%5D=http%3A%2F%2Fwww.google.de">Testen Sie hier</a>
        <a href="http://www.example.com/umleitungsseite-der-umleitungen/postmaster/redirect/1?no_cache=1&tx_postmaster_tracking%5Burl%5D=http%3A%2F%2Fwww.yahoo.de%2F%23anchor-1">Testen Sie da</a>
        <a href="mailto:mail@example.com">Testen Sie dort</a>
        <a href="#anchor-2">Testen Sie überall</a>
    </p>



