

<div id="8effee409c625e1a2d8f5033631840e6ce1dcb64-99" data-ajaxapi-id="99" data-ajaxapi-action="replace"></div>